---
source: crates/sutura-app/tests/golden/catalogs.rs
expression: pinned.definitions()
---
models:
  customers:
    name: customers
    source: local
    table: public.customers
    columns:
      - customer_id
      - segment
    description: Customer reference data.
  orders:
    name: orders
    source: local
    table: public.orders
    columns:
      - amount_cents
      - customer_id
      - order_id
      - status
    description: Orders placed by customers. One row per order.
relationships:
  orders_customer_fk__0877fc1bfb1427b4:
    name: orders_customer_fk__0877fc1bfb1427b4
    origin_model: orders
    origin_column: customer_id
    target_model: customers
    target_column: customer_id
    join_type: many_to_one
metrics: {}
