---
source: crates/sutura-app/tests/golden/dialects.rs
expression: query.sql()
---
SELECT CAST(DATE_TRUNC('month', "orders"."order_date") AS DATE) AS "period", CAST(SUM("orders"."amount_cents") AS DOUBLE PRECISION) / SUM(CASE WHEN "orders"."refunded" THEN 1 ELSE 0 END) AS "revenue_per_refunded_order" FROM "orders" WHERE "orders"."order_date" >= $1 AND "orders"."order_date" < $2 GROUP BY CAST(DATE_TRUNC('month', "orders"."order_date") AS DATE) ORDER BY CAST(DATE_TRUNC('month', "orders"."order_date") AS DATE) LIMIT 10000
