---
source: crates/sutura-app/tests/golden/dialects.rs
expression: query.sql()
---
SELECT "dim_customer"."segment" AS "segment", CAST(dateTrunc('month', "fct_subscription_monthly"."month") AS DATE) AS "period", CAST(sum("fct_subscription_monthly"."mrr_cents") AS Nullable(Float64)) / NULLIF(COUNT(DISTINCT "fct_subscription_monthly"."customer_key"), 0) AS "revenue_per_customer" FROM "fct_subscription_monthly" LEFT JOIN "dim_customer" ON "fct_subscription_monthly"."customer_key" = "dim_customer"."customer_key" WHERE "fct_subscription_monthly"."month" >= ? AND "fct_subscription_monthly"."month" < ? AND "fct_subscription_monthly"."status" = ? GROUP BY "dim_customer"."segment", CAST(dateTrunc('month', "fct_subscription_monthly"."month") AS DATE) ORDER BY "dim_customer"."segment", CAST(dateTrunc('month', "fct_subscription_monthly"."month") AS DATE) LIMIT 10001
