---
source: crates/sutura-app/tests/golden/catalogs.rs
expression: plan
---
source: local
metric: subscription_months_billed
table: fct_subscription_monthly
joins:
  - relationship: subscription_customer
    table: dim_customer
    join_type: many_to_one
    origin:
      table: fct_subscription_monthly
      column: customer_key
    target:
      table: dim_customer
      column: customer_key
bucket:
  label: period
  grain: month
  column:
    table: fct_subscription_monthly
    column: month
keys:
  - label: region
    column:
      table: dim_customer
      column: region
  - label: contract_term
    column:
      table: fct_subscription_monthly
      column: contract_term
measure:
  simple:
    term:
      aggregate:
        aggregate: count
        column:
          table: fct_subscription_monthly
          column: subscription_key
measure_label: subscription_months_billed
filters:
  - origin: definition
    predicate:
      at_or_after:
        column:
          table: fct_subscription_monthly
          column: month
        param: 0
  - origin: definition
    predicate:
      before:
        column:
          table: fct_subscription_monthly
          column: month
        param: 1
params:
  - Date:
      year: 2026
      month: 1
      day: 1
  - Date:
      year: 2026
      month: 7
      day: 1
range:
  start:
    year: 2026
    month: 1
    day: 1
  end:
    year: 2026
    month: 7
    day: 1
max_rows: 10000
