---
source: crates/sutura-app/tests/golden/data_systems.rs
expression: stable(rows)
---
region	contract_term	period	subscription_months_billed
Text(central)	Text(annual)	Text(2026-01-01)	Integer(5)
Text(central)	Text(annual)	Text(2026-02-01)	Integer(5)
Text(central)	Text(annual)	Text(2026-03-01)	Integer(5)
Text(central)	Text(annual)	Text(2026-04-01)	Integer(5)
Text(central)	Text(annual)	Text(2026-05-01)	Integer(5)
Text(central)	Text(annual)	Text(2026-06-01)	Integer(5)
Text(central)	Text(monthly)	Text(2026-01-01)	Integer(8)
Text(central)	Text(monthly)	Text(2026-02-01)	Integer(8)
Text(central)	Text(monthly)	Text(2026-03-01)	Integer(8)
Text(central)	Text(monthly)	Text(2026-04-01)	Integer(8)
Text(central)	Text(monthly)	Text(2026-05-01)	Integer(8)
Text(central)	Text(monthly)	Text(2026-06-01)	Integer(8)
Text(east)	Text(annual)	Text(2026-01-01)	Integer(3)
Text(east)	Text(annual)	Text(2026-02-01)	Integer(3)
Text(east)	Text(annual)	Text(2026-03-01)	Integer(3)
Text(east)	Text(annual)	Text(2026-04-01)	Integer(2)
Text(east)	Text(annual)	Text(2026-05-01)	Integer(2)
Text(east)	Text(annual)	Text(2026-06-01)	Integer(2)
Text(east)	Text(monthly)	Text(2026-01-01)	Integer(12)
Text(east)	Text(monthly)	Text(2026-02-01)	Integer(12)
Text(east)	Text(monthly)	Text(2026-03-01)	Integer(10)
Text(east)	Text(monthly)	Text(2026-04-01)	Integer(8)
Text(east)	Text(monthly)	Text(2026-05-01)	Integer(8)
Text(east)	Text(monthly)	Text(2026-06-01)	Integer(8)
Text(north)	Text(annual)	Text(2026-01-01)	Integer(6)
Text(north)	Text(annual)	Text(2026-02-01)	Integer(6)
Text(north)	Text(annual)	Text(2026-03-01)	Integer(6)
Text(north)	Text(annual)	Text(2026-04-01)	Integer(5)
Text(north)	Text(annual)	Text(2026-05-01)	Integer(5)
Text(north)	Text(annual)	Text(2026-06-01)	Integer(5)
Text(north)	Text(monthly)	Text(2026-01-01)	Integer(11)
Text(north)	Text(monthly)	Text(2026-02-01)	Integer(11)
Text(north)	Text(monthly)	Text(2026-03-01)	Integer(11)
Text(north)	Text(monthly)	Text(2026-04-01)	Integer(11)
Text(north)	Text(monthly)	Text(2026-05-01)	Integer(11)
Text(north)	Text(monthly)	Text(2026-06-01)	Integer(11)
Text(south)	Text(annual)	Text(2026-01-01)	Integer(2)
Text(south)	Text(annual)	Text(2026-02-01)	Integer(2)
Text(south)	Text(annual)	Text(2026-03-01)	Integer(2)
Text(south)	Text(annual)	Text(2026-04-01)	Integer(2)
Text(south)	Text(annual)	Text(2026-05-01)	Integer(2)
Text(south)	Text(annual)	Text(2026-06-01)	Integer(2)
Text(south)	Text(monthly)	Text(2026-01-01)	Integer(5)
Text(south)	Text(monthly)	Text(2026-02-01)	Integer(5)
Text(south)	Text(monthly)	Text(2026-03-01)	Integer(5)
Text(south)	Text(monthly)	Text(2026-04-01)	Integer(5)
Text(south)	Text(monthly)	Text(2026-05-01)	Integer(5)
Text(south)	Text(monthly)	Text(2026-06-01)	Integer(5)
Text(west)	Text(annual)	Text(2026-01-01)	Integer(7)
Text(west)	Text(annual)	Text(2026-02-01)	Integer(7)
Text(west)	Text(annual)	Text(2026-03-01)	Integer(7)
Text(west)	Text(annual)	Text(2026-04-01)	Integer(7)
Text(west)	Text(annual)	Text(2026-05-01)	Integer(6)
Text(west)	Text(annual)	Text(2026-06-01)	Integer(5)
Text(west)	Text(monthly)	Text(2026-01-01)	Integer(11)
Text(west)	Text(monthly)	Text(2026-02-01)	Integer(11)
Text(west)	Text(monthly)	Text(2026-03-01)	Integer(11)
Text(west)	Text(monthly)	Text(2026-04-01)	Integer(11)
Text(west)	Text(monthly)	Text(2026-05-01)	Integer(10)
Text(west)	Text(monthly)	Text(2026-06-01)	Integer(10)
Null	Text(annual)	Text(2026-06-01)	Integer(1)
