---
source: crates/sutura-app/tests/golden/catalogs.rs
expression: plan
---
source: local
metric: voice_minutes
table: fct_usage_daily
joins: []
bucket:
  label: period
  grain: day
  column:
    table: fct_usage_daily
    column: usage_date
keys: []
measure:
  simple:
    term:
      aggregate:
        aggregate: sum
        column:
          table: fct_usage_daily
          column: voice_min
measure_label: voice_minutes
filters:
  - origin: definition
    predicate:
      at_or_after:
        column:
          table: fct_usage_daily
          column: usage_date
        param: 0
  - origin: definition
    predicate:
      before:
        column:
          table: fct_usage_daily
          column: usage_date
        param: 1
params:
  - Date: 2026-06-01
  - Date: 2026-06-05
range:
  start: 2026-06-01
  end: 2026-06-05
max_rows: 10000
