---
source: crates/sutura-cli/tests/example.rs
expression: rendered(&query)
---
SELECT "dim_customer"."region" AS "region", CAST(DATE_TRUNC('month', "fct_subscription_monthly"."month") AS DATE) AS "period", SUM("fct_subscription_monthly"."mrr_cents") AS "recurring_revenue" FROM "fct_subscription_monthly" LEFT JOIN "dim_customer" ON "fct_subscription_monthly"."customer_key" = "dim_customer"."customer_key" WHERE "fct_subscription_monthly"."month" >= ? AND "fct_subscription_monthly"."month" < ? AND "fct_subscription_monthly"."status" = ? AND "dim_customer"."segment" = ? GROUP BY "dim_customer"."region", CAST(DATE_TRUNC('month', "fct_subscription_monthly"."month") AS DATE) ORDER BY "dim_customer"."region", CAST(DATE_TRUNC('month', "fct_subscription_monthly"."month") AS DATE) LIMIT 10000
-- $1 = 2026-06-01
-- $2 = 2026-07-01
-- $3 = "active"
-- $4 = "business"
