---
source: crates/sutura-cli/tests/example.rs
expression: stable(rows)
---
- - central
  - convergent
  - 2026-06-01
  - "19165"
- - central
  - fixed_internet
  - 2026-06-01
  - "13830"
- - central
  - mobile
  - 2026-06-01
  - "17495"
- - central
  - tv
  - 2026-06-01
  - "1249"
- - east
  - convergent
  - 2026-06-01
  - "17207"
- - east
  - fixed_internet
  - 2026-06-01
  - "7665"
- - east
  - mobile
  - 2026-06-01
  - "5415"
- - east
  - tv
  - 2026-06-01
  - "2311"
- - north
  - fixed_internet
  - 2026-06-01
  - "27161"
- - north
  - mobile
  - 2026-06-01
  - "13747"
- - north
  - tv
  - 2026-06-01
  - "1249"
- - south
  - fixed_internet
  - 2026-06-01
  - "11165"
- - south
  - mobile
  - 2026-06-01
  - "8789"
- - south
  - tv
  - 2026-06-01
  - "1249"
- - west
  - convergent
  - 2026-06-01
  - "7916"
- - west
  - fixed_internet
  - 2026-06-01
  - "20662"
- - west
  - mobile
  - 2026-06-01
  - "19598"
- - west
  - tv
  - 2026-06-01
  - "1249"
