---
source: crates/sutura-cli/tests/example.rs
expression: rows
---
columns:
  - region
  - period
  - recurring_revenue
rows:
  - - Text: central
    - Text: 2026-06-01
    - Integer: 13246
  - - Text: east
    - Text: 2026-06-01
    - Integer: 9727
  - - Text: north
    - Text: 2026-06-01
    - Integer: 22765
  - - Text: west
    - Text: 2026-06-01
    - Integer: 20892
