---
source: crates/sutura-cli/tests/example.rs
expression: stable(rows)
---
- - central
  - annual
  - 2026-01-01
  - "5"
- - central
  - annual
  - 2026-02-01
  - "5"
- - central
  - annual
  - 2026-03-01
  - "5"
- - central
  - annual
  - 2026-04-01
  - "5"
- - central
  - annual
  - 2026-05-01
  - "5"
- - central
  - annual
  - 2026-06-01
  - "5"
- - central
  - monthly
  - 2026-01-01
  - "8"
- - central
  - monthly
  - 2026-02-01
  - "8"
- - central
  - monthly
  - 2026-03-01
  - "8"
- - central
  - monthly
  - 2026-04-01
  - "8"
- - central
  - monthly
  - 2026-05-01
  - "8"
- - central
  - monthly
  - 2026-06-01
  - "8"
- - east
  - annual
  - 2026-01-01
  - "3"
- - east
  - annual
  - 2026-02-01
  - "3"
- - east
  - annual
  - 2026-03-01
  - "3"
- - east
  - annual
  - 2026-04-01
  - "2"
- - east
  - annual
  - 2026-05-01
  - "2"
- - east
  - annual
  - 2026-06-01
  - "2"
- - east
  - monthly
  - 2026-01-01
  - "12"
- - east
  - monthly
  - 2026-02-01
  - "12"
- - east
  - monthly
  - 2026-03-01
  - "10"
- - east
  - monthly
  - 2026-04-01
  - "8"
- - east
  - monthly
  - 2026-05-01
  - "8"
- - east
  - monthly
  - 2026-06-01
  - "8"
- - north
  - annual
  - 2026-01-01
  - "6"
- - north
  - annual
  - 2026-02-01
  - "6"
- - north
  - annual
  - 2026-03-01
  - "6"
- - north
  - annual
  - 2026-04-01
  - "5"
- - north
  - annual
  - 2026-05-01
  - "5"
- - north
  - annual
  - 2026-06-01
  - "5"
- - north
  - monthly
  - 2026-01-01
  - "11"
- - north
  - monthly
  - 2026-02-01
  - "11"
- - north
  - monthly
  - 2026-03-01
  - "11"
- - north
  - monthly
  - 2026-04-01
  - "11"
- - north
  - monthly
  - 2026-05-01
  - "11"
- - north
  - monthly
  - 2026-06-01
  - "11"
- - south
  - annual
  - 2026-01-01
  - "2"
- - south
  - annual
  - 2026-02-01
  - "2"
- - south
  - annual
  - 2026-03-01
  - "2"
- - south
  - annual
  - 2026-04-01
  - "2"
- - south
  - annual
  - 2026-05-01
  - "2"
- - south
  - annual
  - 2026-06-01
  - "2"
- - south
  - monthly
  - 2026-01-01
  - "5"
- - south
  - monthly
  - 2026-02-01
  - "5"
- - south
  - monthly
  - 2026-03-01
  - "5"
- - south
  - monthly
  - 2026-04-01
  - "5"
- - south
  - monthly
  - 2026-05-01
  - "5"
- - south
  - monthly
  - 2026-06-01
  - "5"
- - west
  - annual
  - 2026-01-01
  - "7"
- - west
  - annual
  - 2026-02-01
  - "7"
- - west
  - annual
  - 2026-03-01
  - "7"
- - west
  - annual
  - 2026-04-01
  - "7"
- - west
  - annual
  - 2026-05-01
  - "6"
- - west
  - annual
  - 2026-06-01
  - "5"
- - west
  - monthly
  - 2026-01-01
  - "11"
- - west
  - monthly
  - 2026-02-01
  - "11"
- - west
  - monthly
  - 2026-03-01
  - "11"
- - west
  - monthly
  - 2026-04-01
  - "11"
- - west
  - monthly
  - 2026-05-01
  - "10"
- - west
  - monthly
  - 2026-06-01
  - "10"
- - "null"
  - annual
  - 2026-06-01
  - "1"
