---
source: crates/sutura-mcp/src/tool.rs
expression: "canonical(&serde_json::Value::Object(input_schema(capability)), 0)"
---
{
  "$schema": "https://json-schema.org/draft/2020-12/schema",
  "additionalProperties": false,
  "description": "This tool takes no arguments. It returns the catalog of what this deployment measures, narrowed\nto what the calling principal may see - the metrics, grains, dimensions and permitted values.\n\nIt also returns the catalog's own knowledge (the glossary, caveats, worked examples and terms\nrecorded as undefined it carries) and the deployment operator's instructions. There is nothing to\nfilter or select, so send an empty object.",
  "title": "DescribeCatalogArgs",
  "type": "object"
}
